

================================================================
== Vivado HLS Report for 'dense_forward'
================================================================
* Date:           Mon Jul 15 22:02:53 2019

* Version:        2018.3 (Build 2405991 on Thu Dec 06 23:56:15 MST 2018)
* Project:        hls
* Solution:       default
* Product family: zynq
* Target device:  xc7z020clg400-3


================================================================
== Performance Estimates
================================================================
+ Timing (ns): 
    * Summary: 
    +--------+-------+----------+------------+
    |  Clock | Target| Estimated| Uncertainty|
    +--------+-------+----------+------------+
    |ap_clk  |  10.00|     7.848|        1.25|
    +--------+-------+----------+------------+

+ Latency (clock cycles): 
    * Summary: 
    +--------+--------+--------+--------+---------+
    |     Latency     |     Interval    | Pipeline|
    |   min  |   max  |   min  |   max  |   Type  |
    +--------+--------+--------+--------+---------+
    |  148610|  148610|  148610|  148610|   none  |
    +--------+--------+--------+--------+---------+

    + Detail: 
        * Instance: 
        N/A

        * Loop: 
        +-------------+--------+--------+----------+-----------+-----------+------+----------+
        |             |     Latency     | Iteration|  Initiation Interval  | Trip |          |
        |  Loop Name  |   min  |   max  |  Latency |  achieved |   target  | Count| Pipelined|
        +-------------+--------+--------+----------+-----------+-----------+------+----------+
        |- Loop 1     |  147712|  147712|      1154|          -|          -|   128|    no    |
        | + Loop 1.1  |    1152|    1152|         9|          -|          -|   128|    no    |
        |- Loop 2     |     896|     896|         7|          -|          -|   128|    no    |
        +-------------+--------+--------+----------+-----------+-----------+------+----------+



================================================================
== Utilization Estimates
================================================================
* Summary: 
+-----------------+---------+-------+--------+-------+
|       Name      | BRAM_18K| DSP48E|   FF   |  LUT  |
+-----------------+---------+-------+--------+-------+
|DSP              |        -|      -|       -|      -|
|Expression       |        -|      -|       0|    172|
|FIFO             |        -|      -|       -|      -|
|Instance         |        -|      5|     421|    962|
|Memory           |       33|      -|       0|      0|
|Multiplexer      |        -|      -|       -|    195|
|Register         |        -|      -|     312|      -|
+-----------------+---------+-------+--------+-------+
|Total            |       33|      5|     733|   1329|
+-----------------+---------+-------+--------+-------+
|Available        |      280|    220|  106400|  53200|
+-----------------+---------+-------+--------+-------+
|Utilization (%)  |       11|      2|   ~0   |      2|
+-----------------+---------+-------+--------+-------+

+ Detail: 
    * Instance: 
    +--------------------------+----------------------+---------+-------+-----+-----+
    |         Instance         |        Module        | BRAM_18K| DSP48E|  FF | LUT |
    +--------------------------+----------------------+---------+-------+-----+-----+
    |top_fadd_32ns_32nAem_U33  |top_fadd_32ns_32nAem  |        0|      2|  227|  403|
    |top_fcmp_32ns_32nEe0_U35  |top_fcmp_32ns_32nEe0  |        0|      0|   66|  239|
    |top_fmul_32ns_32nBew_U34  |top_fmul_32ns_32nBew  |        0|      3|  128|  320|
    +--------------------------+----------------------+---------+-------+-----+-----+
    |Total                     |                      |        0|      5|  421|  962|
    +--------------------------+----------------------+---------+-------+-----+-----+

    * DSP48: 
    N/A

    * Memory: 
    +----------------+----------------------+---------+---+----+-------+-----+------+-------------+
    |     Memory     |        Module        | BRAM_18K| FF| LUT| Words | Bits| Banks| W*Bits*Banks|
    +----------------+----------------------+---------+---+----+-------+-----+------+-------------+
    |dense_kernel_U  |dense_forward_denHfu  |       32|  0|   0|  16384|   32|     1|       524288|
    |dense_bias_U    |dense_forward_denIfE  |        1|  0|   0|    128|   32|     1|         4096|
    +----------------+----------------------+---------+---+----+-------+-----+------+-------------+
    |Total           |                      |       33|  0|   0|  16512|   64|     2|       528384|
    +----------------+----------------------+---------+---+----+-------+-----+------+-------------+

    * FIFO: 
    N/A

    * Expression: 
    +----------------------+----------+-------+---+----+------------+------------+
    |     Variable Name    | Operation| DSP48E| FF| LUT| Bitwidth P0| Bitwidth P1|
    +----------------------+----------+-------+---+----+------------+------------+
    |i_24_fu_167_p2        |     +    |      0|  0|  15|           8|           1|
    |i_25_fu_227_p2        |     +    |      0|  0|  15|           8|           1|
    |j_11_fu_188_p2        |     +    |      0|  0|  15|           8|           1|
    |tmp_151_fu_211_p2     |     +    |      0|  0|  23|          16|          16|
    |tmp_148_fu_275_p2     |    and   |      0|  0|   2|           1|           1|
    |exitcond1_fu_182_p2   |   icmp   |      0|  0|  13|           8|           9|
    |exitcond2_fu_161_p2   |   icmp   |      0|  0|  13|           8|           9|
    |exitcond_fu_221_p2    |   icmp   |      0|  0|  13|           8|           9|
    |notlhs_fu_257_p2      |   icmp   |      0|  0|  11|           8|           2|
    |notrhs_fu_263_p2      |   icmp   |      0|  0|  18|          23|           1|
    |tmp_s_fu_269_p2       |    or    |      0|  0|   2|           1|           1|
    |storemerge_fu_281_p3  |  select  |      0|  0|  32|           1|           1|
    +----------------------+----------+-------+---+----+------------+------------+
    |Total                 |          |      0|  0| 172|          98|          52|
    +----------------------+----------+-------+---+----+------------+------------+

    * Multiplexer: 
    +-----------------------+----+-----------+-----+-----------+
    |          Name         | LUT| Input Size| Bits| Total Bits|
    +-----------------------+----+-----------+-----+-----------+
    |ap_NS_fsm              |  93|         19|    1|         19|
    |dense_output_address0  |  21|          4|    7|         28|
    |dense_output_d0        |  15|          3|   32|         96|
    |grp_fu_141_p0          |  15|          3|   32|         96|
    |grp_fu_141_p1          |  15|          3|   32|         96|
    |i1_reg_130             |   9|          2|    8|         16|
    |i_reg_95               |   9|          2|    8|         16|
    |j_reg_119              |   9|          2|    8|         16|
    |storemerge1_reg_106    |   9|          2|   32|         64|
    +-----------------------+----+-----------+-----+-----------+
    |Total                  | 195|         40|  160|        447|
    +-----------------------+----+-----------+-----+-----------+

    * Register: 
    +-----------------------------+----+----+-----+-----------+
    |             Name            | FF | LUT| Bits| Const Bits|
    +-----------------------------+----+----+-----+-----------+
    |ap_CS_fsm                    |  18|   0|   18|          0|
    |dense_bias_load_reg_359      |  32|   0|   32|          0|
    |dense_kernel_load_reg_326    |  32|   0|   32|          0|
    |dense_output_addr_1_reg_354  |   7|   0|    7|          0|
    |dense_output_addr_reg_303    |   7|   0|    7|          0|
    |dense_output_load_reg_364    |  32|   0|   32|          0|
    |h_load_reg_331               |  32|   0|   32|          0|
    |i1_reg_130                   |   8|   0|    8|          0|
    |i_24_reg_293                 |   8|   0|    8|          0|
    |i_25_reg_344                 |   8|   0|    8|          0|
    |i_reg_95                     |   8|   0|    8|          0|
    |j_11_reg_311                 |   8|   0|    8|          0|
    |j_reg_119                    |   8|   0|    8|          0|
    |reg_155                      |  32|   0|   32|          0|
    |storemerge1_reg_106          |  32|   0|   32|          0|
    |tmp_108_reg_336              |  32|   0|   32|          0|
    |tmp_cast_reg_298             |   8|   0|   16|          8|
    +-----------------------------+----+----+-----+-----------+
    |Total                        | 312|   0|  320|          8|
    +-----------------------------+----+----+-----+-----------+



================================================================
== Interface
================================================================
* Summary: 
+-----------------------+-----+-----+------------+---------------+--------------+
|       RTL Ports       | Dir | Bits|  Protocol  | Source Object |    C Type    |
+-----------------------+-----+-----+------------+---------------+--------------+
|ap_clk                 |  in |    1| ap_ctrl_hs | dense_forward | return value |
|ap_rst                 |  in |    1| ap_ctrl_hs | dense_forward | return value |
|ap_start               |  in |    1| ap_ctrl_hs | dense_forward | return value |
|ap_done                | out |    1| ap_ctrl_hs | dense_forward | return value |
|ap_idle                | out |    1| ap_ctrl_hs | dense_forward | return value |
|ap_ready               | out |    1| ap_ctrl_hs | dense_forward | return value |
|h_address0             | out |    7|  ap_memory |       h       |     array    |
|h_ce0                  | out |    1|  ap_memory |       h       |     array    |
|h_q0                   |  in |   32|  ap_memory |       h       |     array    |
|dense_output_address0  | out |    7|  ap_memory |  dense_output |     array    |
|dense_output_ce0       | out |    1|  ap_memory |  dense_output |     array    |
|dense_output_we0       | out |    1|  ap_memory |  dense_output |     array    |
|dense_output_d0        | out |   32|  ap_memory |  dense_output |     array    |
|dense_output_q0        |  in |   32|  ap_memory |  dense_output |     array    |
+-----------------------+-----+-----+------------+---------------+--------------+

